// Jest Snapshot v1, https://goo.gl/fbAQLP

exports[`unknown plugin 1. unknown plugin: 1. unknown plugin 1`] = `

const unusedVariable = 'foo'

function unusedFunction() {
  return 'bar'
}

export function Avatar() {
  const unusedNestedVariable = 'foo'
  function unusedNestedFunction() {
    return 'bar'
  }
  return <img />
}

type GlobalProps = { as: any }

type BoxProps = { children: any } & GlobalProps

export const Box = (props: BoxProps) => <div {...props} />

const Stack = (props: { children: any; style?: any }) => <div {...props} />

export function Badge(props: { children: any }) {
  return <div {...props} />
}

interface ButtonProps {}

export const Button = (props: ButtonProps) => <Stack>Hello Button</Stack>

      ↓ ↓ ↓ ↓ ↓ ↓

const unusedVariable = "foo";

function unusedFunction() {
  return "bar";
}

type GlobalProps = {
  as: any;
};
type BoxProps = {
  children: any;
} & GlobalProps;
export const Box = (props: BoxProps) => <div {...props} />;


`;
